logic__30: 
case__20: 
logic__14: 
case__18: 
case: 
reg__17: 
logic__18: 
logic__25: 
logic: 
logic__6: 
datapath__1: 
muxpart__2: 
BCD_on: 
logic__23: 
logic__5: 
logic__15: 
case__23: 
reg: 
reg__21: 
reg__12: 
reg__22: 
case__4: 
logic__60: 
MUX: 
Debounce_cb: 
muxpart__6: 
reg__35: 
logic__8: 
cathode: 
clk_divider: 
case__6: 
logic__38: 
reg__20: 
logic__2: 
case__13: 
logic__37: 
logic__49: 
logic__24: 
case__19: 
reg__13: 
reg__29: 
case__22: 
refresh_clk: 
case__10: 
muxpart__1: 
case__16: 
reg__15: 
ALU: 
reg__11: 
case__5: 
case__14: 
reg__6: 
logic__21: 
reg__14: 
reg__25: 
muxpart__5: 
muxpart__3: 
logic__19: 
logic__48: 
logic__33: 
reg__19: 
logic__46: 
case__17: 
logic__9: 
reg__34: 
reg__9: 
reg__8: 
logic__17: 
case__9: 
reg__7: 
logic__42: 
counter: 
reg__23: 
logic__29: 
case__1: 
logic__22: 
reg__30: 
logic__50: 
case__8: 
case__7: 
reg__4: 
case__24: 
case__27: 
case__25: 
anode_control: 
reg__2: 
logic__27: 
reg__33: 
reg__18: 
reg__16: 
muxpart__4: 
logic__7: 
logic__53: 
Edge_Detector: 
reg__1: 
ISA_decode: 
case__21: 
reg__10: 
case__26: 
reg__28: 
logic__11: 
muxpart: 
reg__27: 
reg__32: 
reg__24: 
case__11: 
logic__16: 
logic__12: 
reg__26: 
logic__63: 
register_file: 
logic__10: 
case__3: 
reg__31: 
logic__45: 
case__12: 
logic__56: 
reg__5: 
SSD: 
datapath: 
dff_resetless: 
logic__47: 
case__2: 
Filter: 
logic__13: 
reg__3: 
logic__57: 
logic__20: 
case__15: 
