reg__27: 
muxpart__8: 
muxpart__5: 
logic__2: 
logic__5: 
case__1: 
logic__9: 
BCD_on: 
datapath: 
refresh_clk: 
reg__7: 
case__19: 
logic__18: 
reg__10: 
case__5: 
case: 
Debounce_cb: 
logic__3: 
logic__12: 
case__10: 
reg__20: 
logic__39: 
muxpart__4: 
reg__28: 
logic__19: 
logic: 
reg__25: 
anode_control: 
case__13: 
reg__12: 
case__11: 
case__20: 
logic__13: 
reg__18: 
cathode: 
reg: 
muxpart__7: 
reg__32: 
logic__49: 
logic__57: 
case__15: 
logic__30: 
reg__4: 
reg__21: 
case__17: 
case__14: 
logic__53: 
Filter: 
reg__22: 
reg__13: 
datapath__1: 
case__7: 
reg__30: 
logic__4: 
reg__2: 
case__8: 
logic__1: 
logic__10: 
logic__46: 
clk_divider: 
reg__1: 
logic__60: 
reg__29: 
case__4: 
logic__31: 
ALU: 
logic__26: 
logic__6: 
case__6: 
dff_resetless: 
muxpart__2: 
case__18: 
logic__28: 
logic__15: 
logic__11: 
muxpart__6: 
reg__14: 
reg__17: 
counter: 
case__22: 
logic__34: 
reg__26: 
reg__24: 
reg__9: 
case__21: 
case__16: 
logic__48: 
reg__23: 
logic__14: 
case__12: 
reg__16: 
reg__33: 
SSD: 
register_file: 
logic__7: 
reg__6: 
logic__38: 
reg__8: 
ISA_decode: 
Edge_Detector: 
reg__15: 
logic__8: 
case__3: 
reg__31: 
logic__17: 
reg__19: 
case__9: 
reg__5: 
reg__3: 
MUX: 
muxpart: 
reg__11: 
case__2: 
muxpart__1: 
logic__47: 
logic__43: 
logic__16: 
