case__28: 
case__2: 
case__6: 
case__52: 
counter: 
case__53: 
case__63: 
datapath: 
reg__35: 
muxpart__9: 
logic__141: 
SSD: 
case__36: 
case__1: 
datapath__8: 
logic: 
reg__4: 
logic__76: 
Filter: 
case__56: 
case__12: 
reg__5: 
logic__133: 
datapath__2: 
case__5: 
datapath__9: 
refresh_clk: 
case__42: 
muxpart: 
reg__6: 
dsp48e1: 
muxpart__6: 
logic__122: 
datapath__7: 
case__22: 
case__18: 
logic__121: 
reg__33: 
case__15: 
logic__145: 
case__57: 
dff_resetless: 
logic__124: 
logic__149: 
reg__22: 
case__25: 
muxpart__7: 
logic__152: 
case__51: 
datapath__1: 
case__61: 
logic__162: 
reg__12: 
muxpart__8: 
logic__18: 
case__20: 
logic__58: 
reg__18: 
register_file: 
case__8: 
case__19: 
reg__30: 
logic__165: 
reg__26: 
logic__106: 
logic__155: 
reg__20: 
logic__118: 
logic__34: 
reg: 
logic__151: 
case__58: 
MUX: 
logic__140: 
case__26: 
reg__7: 
case__4: 
datapath__4: 
anode_control: 
reg__15: 
case__37: 
case__34: 
ISA_decode: 
case__60: 
case__24: 
case__13: 
reg__11: 
case__17: 
case__21: 
reg__3: 
logic__112: 
reg__14: 
logic__127: 
logic__46: 
reg__37: 
reg__31: 
clk_divider: 
logic__27: 
case__3: 
case__49: 
case__29: 
logic__132: 
datapath__6: 
reg__2: 
logic__13: 
case__39: 
reg__36: 
datapath__5: 
logic__94: 
logic__2: 
case__43: 
dsp48e1__1: 
logic__136: 
logic__23: 
reg__25: 
logic__128: 
logic__70: 
reg__23: 
case__45: 
logic__82: 
case__55: 
BCD_on: 
case__44: 
reg__17: 
case__47: 
reg__34: 
case__31: 
muxpart__4: 
reg__13: 
reg__28: 
reg__8: 
logic__148: 
logic__100: 
case__50: 
muxpart__2: 
logic__52: 
case__9: 
reg__27: 
logic__123: 
case__27: 
case__62: 
muxpart__3: 
Debounce_cb: 
logic__3: 
case__10: 
reg__16: 
case__41: 
reg__9: 
case__23: 
case__59: 
case__11: 
logic__12: 
logic__130: 
logic__22: 
case__38: 
reg__19: 
datapath__3: 
case__40: 
reg__1: 
reg__29: 
muxpart__5: 
logic__158: 
Edge_Detector: 
case__16: 
logic__64: 
cathode: 
logic__88: 
reg__24: 
muxpart__11: 
case__64: 
case__30: 
case__33: 
case__32: 
case__35: 
reg__10: 
logic__150: 
reg__32: 
case: 
case__7: 
logic__159: 
muxpart__10: 
case__14: 
logic__6: 
case__54: 
case__48: 
ALU: 
logic__40: 
reg__21: 
case__46: 
