case__41: 
case__126: 
reg__7: 
case__11: 
reg__21: 
reg__34: 
muxpart__32: 
reg__6: 
case__3: 
muxpart__53: 
case__74: 
muxpart__17: 
muxpart__30: 
logic__121: 
case__91: 
case__103: 
case__173: 
case__63: 
muxpart__9: 
dsp48e1: 
muxpart__21: 
refresh_clk: 
case__39: 
reg__4: 
muxpart__44: 
muxpart__49: 
case__156: 
reg__33: 
case__163: 
case__113: 
case__158: 
logic__17: 
case__38: 
case__22: 
case__80: 
case__12: 
case__170: 
case__169: 
case__139: 
case__99: 
muxpart__40: 
muxpart__56: 
reg__8: 
muxpart__55: 
muxpart__12: 
logic__44: 
case__10: 
case__88: 
case__73: 
logic__24: 
case__50: 
reg__2: 
case__13: 
muxpart__58: 
case__107: 
case__48: 
reg__25: 
case__102: 
logic__147: 
case__148: 
case__27: 
muxpart__15: 
reg__36: 
case__133: 
case: 
reg__11: 
muxpart__29: 
muxpart__65: 
case__136: 
ALU: 
case__150: 
case__141: 
case__116: 
reg__35: 
logic__137: 
reg__14: 
logic__74: 
muxpart__35: 
case__4: 
muxpart__57: 
muxpart__50: 
muxpart__24: 
case__72: 
clk_divider: 
logic__14: 
case__90: 
case__134: 
case__117: 
case__115: 
muxpart__51: 
case__34: 
MUX: 
logic__3: 
reg__13: 
case__1: 
logic__25: 
case__71: 
muxpart__33: 
case__84: 
case__23: 
case__30: 
case__97: 
case__37: 
muxpart__54: 
case__171: 
case__49: 
case__94: 
muxpart__20: 
case__78: 
case__59: 
cathode: 
logic__79: 
case__65: 
datapath__3: 
case__29: 
case__100: 
muxpart__23: 
case__83: 
case__67: 
case__143: 
case__161: 
case__5: 
reg__27: 
case__167: 
case__46: 
case__58: 
logic__59: 
muxpart__2: 
case__26: 
logic__154: 
case__120: 
case__155: 
case__85: 
case__153: 
case__31: 
case__159: 
case__33: 
case__14: 
case__61: 
BCD_on: 
muxpart__46: 
reg__5: 
case__162: 
case__75: 
case__7: 
Filter: 
case__93: 
muxpart__27: 
logic__113: 
case__127: 
case__51: 
case__32: 
muxpart__64: 
muxpart__42: 
case__87: 
case__122: 
datapath__4: 
reg__20: 
reg__15: 
case__138: 
case__118: 
case__111: 
muxpart__47: 
case__60: 
logic__103: 
muxpart__18: 
case__135: 
case__18: 
case__64: 
Edge_Detector: 
case__56: 
muxpart__26: 
datapath__2: 
muxpart__11: 
muxpart: 
reg__10: 
case__98: 
case__8: 
case__62: 
logic__2: 
case__142: 
muxpart__36: 
case__36: 
case__89: 
case__17: 
anode_control: 
case__124: 
logic__125: 
muxpart__39: 
case__92: 
case__43: 
register_file: 
case__6: 
logic__29: 
logic__64: 
case__123: 
case__95: 
muxpart__3: 
case__15: 
muxpart__5: 
counter: 
reg__29: 
logic__20: 
case__132: 
case__42: 
reg__12: 
muxpart__63: 
case__157: 
logic__129: 
case__104: 
logic__69: 
case__55: 
case__129: 
case__165: 
case__131: 
case__164: 
datapath__1: 
dff_resetless: 
muxpart__38: 
logic__116: 
case__121: 
case__68: 
case__20: 
muxpart__68: 
ISA_decode: 
case__24: 
logic__144: 
logic__39: 
case__109: 
logic__13: 
case__152: 
case__125: 
case__144: 
case__82: 
logic__117: 
reg__17: 
case__81: 
case__54: 
datapath__6: 
logic__134: 
logic__6: 
muxpart__59: 
case__21: 
muxpart__43: 
case__154: 
case__145: 
case__44: 
case__168: 
case__128: 
reg__30: 
case__35: 
case__69: 
case__9: 
reg__18: 
logic__84: 
case__86: 
logic__119: 
reg__26: 
logic__138: 
case__47: 
reg__24: 
case__112: 
case__160: 
reg__32: 
case__16: 
logic__12: 
case__25: 
case__53: 
logic__148: 
case__166: 
case__76: 
case__119: 
case__45: 
case__174: 
reg__19: 
case__77: 
logic__54: 
case__172: 
reg: 
case__110: 
case__28: 
reg__37: 
muxpart__6: 
Debounce_cb: 
muxpart__61: 
case__70: 
logic__95: 
case__175: 
case__130: 
case__2: 
reg__9: 
reg__31: 
reg__1: 
case__137: 
reg__3: 
datapath__5: 
case__19: 
reg__22: 
case__149: 
logic__49: 
logic__141: 
reg__23: 
muxpart__48: 
logic__139: 
case__108: 
logic__130: 
muxpart__67: 
case__96: 
logic__122: 
case__114: 
case__105: 
case__146: 
case__151: 
case__57: 
muxpart__60: 
datapath: 
case__101: 
logic__34: 
reg__16: 
muxpart__66: 
case__147: 
case__66: 
muxpart__14: 
muxpart__8: 
case__40: 
logic__140: 
logic__100: 
logic: 
logic__26: 
case__106: 
logic__151: 
SSD: 
case__140: 
case__52: 
reg__28: 
case__79: 
