reg__25: 
muxpart__11: 
ALU: 
Edge_Detector: 
datapath__5: 
logic__141: 
logic__56: 
logic__12: 
counter: 
reg__30: 
logic__148: 
reg__19: 
case__49: 
case__35: 
datapath: 
logic__125: 
case__55: 
logic__74: 
reg__27: 
case__46: 
reg__10: 
case__38: 
refresh_clk: 
reg__36: 
ISA_decode: 
case__24: 
logic: 
datapath__3: 
case__54: 
BCD_on: 
reg__5: 
logic__136: 
case__8: 
reg__1: 
reg__8: 
case__25: 
muxpart__10: 
case__7: 
logic__86: 
muxpart: 
case__28: 
case__62: 
reg__29: 
dsp48e1: 
case__23: 
logic__80: 
reg__7: 
logic__17: 
logic__150: 
logic__128: 
cathode: 
case__48: 
reg__9: 
case__45: 
logic__145: 
case__32: 
case__37: 
case__52: 
reg__15: 
case__50: 
case__31: 
reg__14: 
case__21: 
case__42: 
logic__119: 
logic__21: 
muxpart__3: 
reg__2: 
reg__38: 
case__61: 
logic__25: 
reg__24: 
case__44: 
case__17: 
muxpart__6: 
reg: 
case__6: 
logic__159: 
logic__133: 
logic__6: 
muxpart__7: 
logic__92: 
reg__18: 
reg__6: 
logic__3: 
case__12: 
case__39: 
datapath__6: 
datapath__2: 
case__10: 
logic__50: 
anode_control: 
case__11: 
logic__140: 
case__56: 
case__34: 
reg__37: 
case__1: 
logic__38: 
muxpart__4: 
reg__20: 
case__14: 
case__19: 
dsp48e1__1: 
case__27: 
reg__33: 
reg__23: 
case__53: 
Debounce_cb: 
logic__152: 
logic__98: 
logic__130: 
muxpart__8: 
datapath__1: 
logic__122: 
muxpart__2: 
reg__39: 
reg__16: 
case__18: 
logic__110: 
MUX: 
reg__3: 
register_file: 
datapath__7: 
case__16: 
case__26: 
case__4: 
case__58: 
reg__11: 
logic__165: 
clk_divider: 
case__5: 
logic__155: 
datapath__8: 
logic__62: 
case__57: 
case__60: 
reg__21: 
logic__104: 
reg__17: 
logic__120: 
SSD: 
logic__121: 
case__29: 
logic__158: 
reg__31: 
reg__32: 
logic__162: 
reg__22: 
reg__35: 
datapath__9: 
reg__26: 
datapath__4: 
case__15: 
Filter: 
reg__34: 
case__3: 
logic__149: 
logic__14: 
case__41: 
case__2: 
case__33: 
case__13: 
case__30: 
muxpart__5: 
logic__32: 
case__51: 
case__59: 
logic__2: 
muxpart__9: 
logic__116: 
logic__151: 
logic__13: 
reg__28: 
case__40: 
case__36: 
case__20: 
case: 
case__9: 
logic__44: 
case__43: 
case__22: 
reg__12: 
reg__13: 
dff_resetless: 
reg__4: 
case__47: 
logic__132: 
logic__68: 
