muxpart__6: 
case__18: 
logic__104: 
case__50: 
case__39: 
case__21: 
reg__12: 
counter: 
logic__92: 
datapath: 
dsp48e1__1: 
logic__50: 
muxpart__4: 
reg__6: 
logic__121: 
muxpart__13: 
case__1: 
logic__136: 
Debounce_cb: 
logic__62: 
logic__132: 
ISA_decode: 
anode_control: 
logic: 
reg__22: 
case__38: 
reg__16: 
case__51: 
reg__10: 
case__16: 
datapath__9: 
logic__130: 
case__22: 
muxpart: 
reg__32: 
muxpart__12: 
dsp48e1: 
case__36: 
reg__5: 
reg__17: 
reg__27: 
datapath__6: 
logic__68: 
case__26: 
logic__151: 
logic__120: 
case__57: 
logic__3: 
datapath__3: 
case__14: 
case__41: 
datapath__8: 
datapath__1: 
reg__13: 
case__12: 
logic__122: 
logic__141: 
logic__140: 
datapath__4: 
case__3: 
datapath__2: 
case__43: 
logic__110: 
reg__34: 
Filter: 
logic__38: 
reg__36: 
reg__3: 
reg__7: 
reg__4: 
logic__44: 
logic__14: 
cathode: 
muxpart__5: 
muxpart__3: 
case__25: 
logic__13: 
case__46: 
reg: 
case__47: 
logic__32: 
case__7: 
logic__133: 
case__15: 
case__29: 
case__49: 
case__19: 
reg__31: 
case__40: 
logic__116: 
clk_divider: 
case__35: 
SSD: 
reg__23: 
logic__125: 
case__10: 
case__8: 
reg__21: 
reg__11: 
logic__153: 
case__63: 
case__55: 
reg__2: 
case__9: 
muxpart__8: 
reg__25: 
case__37: 
muxpart__2: 
case__62: 
reg__33: 
case__20: 
refresh_clk: 
case__33: 
datapath__7: 
logic__17: 
reg__24: 
logic__119: 
reg__8: 
case__6: 
BCD_on: 
reg__1: 
case__34: 
reg__9: 
case__4: 
logic__80: 
case__2: 
logic__56: 
logic__148: 
ALU: 
muxpart__11: 
case__48: 
reg__29: 
logic__156: 
case__56: 
case__42: 
reg__15: 
reg__35: 
case__13: 
logic__12: 
datapath__5: 
MUX: 
case__28: 
case__30: 
reg__26: 
case__52: 
muxpart__7: 
register_file: 
logic__98: 
reg__19: 
case__24: 
case__17: 
case__32: 
reg__30: 
reg__14: 
muxpart__9: 
case__11: 
case__53: 
dff_resetless: 
reg__20: 
logic__21: 
logic__149: 
logic__6: 
case__23: 
logic__145: 
reg__28: 
reg__37: 
logic__2: 
case__61: 
case__60: 
case__5: 
case__31: 
case__54: 
case: 
logic__25: 
muxpart__10: 
case__44: 
case__27: 
case__64: 
Edge_Detector: 
logic__128: 
logic__86: 
case__59: 
case__45: 
logic__74: 
reg__18: 
