anode_control: 
Debounce_cb: 
case__16: 
reg__9: 
reg__15: 
datapath: 
logic__31: 
logic__45: 
muxpart__1: 
muxpart__3: 
logic__4: 
register_file: 
case__4: 
case: 
reg__4: 
reg__29: 
reg__25: 
case__19: 
logic: 
reg__27: 
case__18: 
cathode: 
case__7: 
case__15: 
Edge_Detector: 
reg__20: 
reg__30: 
muxpart__5: 
case__8: 
reg: 
reg__11: 
ALU: 
logic__24: 
muxpart__6: 
reg__3: 
reg__17: 
logic__34: 
reg__21: 
case__9: 
reg__14: 
logic__11: 
logic__16: 
reg__16: 
logic__19: 
case__6: 
logic__1: 
reg__19: 
reg__7: 
case__20: 
case__3: 
datapath__1: 
case__21: 
logic__2: 
reg__8: 
reg__31: 
dff_resetless: 
ISA_decode: 
reg__23: 
BCD_on: 
case__13: 
reg__32: 
logic__33: 
muxpart__4: 
muxpart__7: 
reg__18: 
reg__26: 
clk_divider: 
logic__38: 
keep__3: 
reg__5: 
keep__2: 
counter: 
logic__13: 
logic__42: 
Filter: 
case__2: 
reg__13: 
keep: 
reg__2: 
logic__32: 
reg__24: 
logic__15: 
keep__1: 
refresh_clk: 
MUX: 
reg__12: 
case__14: 
reg__6: 
case__11: 
SSD: 
logic__23: 
case__17: 
case__12: 
reg__22: 
reg__1: 
reg__28: 
logic__28: 
muxpart: 
case__1: 
reg__10: 
case__10: 
logic__3: 
case__5: 
