reg__23: 
logic__31: 
case__21: 
case__17: 
case__53: 
logic__39: 
case__5: 
reg__36: 
datapath__1: 
case__8: 
case__32: 
case__3: 
case__20: 
case__34: 
case__23: 
case__25: 
logic__2: 
reg__12: 
muxpart__6: 
logic__13: 
refresh_clk: 
reg__2: 
case__39: 
case__10: 
case: 
case__51: 
reg__34: 
logic__22: 
reg__28: 
case__46: 
case__1: 
muxpart__7: 
case__41: 
case__63: 
cathode: 
case__13: 
case__55: 
logic__36: 
clk_divider: 
reg__10: 
counter: 
datapath: 
case__54: 
reg__16: 
case__15: 
logic: 
muxpart__4: 
case__40: 
case__50: 
logic__12: 
Debounce_cb: 
case__43: 
case__4: 
muxpart__8: 
Filter: 
logic__34: 
case__56: 
muxpart: 
register_file: 
reg__5: 
case__59: 
reg__37: 
logic__3: 
ALU: 
case__28: 
logic__16: 
case__62: 
reg__3: 
case__49: 
BCD_on: 
dff_resetless: 
logic__42: 
reg__7: 
logic__27: 
reg__6: 
logic__49: 
reg__14: 
muxpart__2: 
case__27: 
reg__15: 
case__60: 
reg__32: 
reg__35: 
muxpart__3: 
case__31: 
reg__17: 
case__22: 
reg__18: 
case__36: 
logic__18: 
reg__1: 
case__19: 
logic__26: 
reg: 
logic__6: 
reg__19: 
reg__24: 
case__6: 
SSD: 
case__30: 
logic__37: 
case__7: 
case__9: 
reg__29: 
case__42: 
case__37: 
logic__19: 
logic__38: 
anode_control: 
case__45: 
case__57: 
logic__52: 
case__14: 
case__52: 
MUX: 
reg__11: 
case__61: 
ISA_decode: 
case__38: 
case__47: 
reg__30: 
logic__46: 
logic__35: 
reg__26: 
Edge_Detector: 
reg__13: 
case__29: 
case__48: 
logic__14: 
reg__33: 
case__12: 
reg__21: 
reg__8: 
reg__4: 
reg__22: 
case__33: 
reg__31: 
case__26: 
case__44: 
case__18: 
case__35: 
logic__45: 
reg__9: 
case__11: 
reg__20: 
reg__25: 
case__58: 
case__2: 
case__24: 
case__16: 
muxpart__5: 
reg__27: 
