reg__22: 
MUX: 
dff_resetless: 
case__14: 
logic__35: 
logic__44: 
anode_control: 
case: 
case__2: 
reg__26: 
logic: 
reg__5: 
case__10: 
logic__32: 
case__4: 
reg: 
reg__30: 
reg__15: 
ISA_decode: 
reg__31: 
reg__34: 
logic__1: 
case__13: 
logic__39: 
BCD_on: 
reg__6: 
case__11: 
case__17: 
logic__29: 
case__1: 
logic__49: 
reg__14: 
logic__2: 
reg__1: 
reg__9: 
logic__19: 
reg__21: 
muxpart__6: 
reg__24: 
clk_divider: 
reg__35: 
logic__54: 
case__9: 
logic__20: 
reg__16: 
logic__5: 
reg__3: 
case__8: 
reg__23: 
reg__18: 
register_file: 
reg__7: 
case__6: 
reg__33: 
reg__29: 
logic__27: 
reg__8: 
Debounce_cb: 
case__18: 
SSD: 
logic__8: 
case__3: 
case__12: 
counter: 
muxpart__8: 
reg__32: 
reg__27: 
reg__10: 
case__16: 
reg__4: 
muxpart__1: 
datapath__1: 
logic__62: 
cathode: 
case__15: 
reg__19: 
logic__7: 
refresh_clk: 
logic__4: 
logic__10: 
logic__48: 
muxpart__7: 
muxpart__4: 
case__7: 
logic__6: 
reg__11: 
Edge_Detector: 
Filter: 
muxpart__2: 
reg__20: 
logic__17: 
logic__40: 
reg__25: 
logic__3: 
logic__16: 
logic__55: 
case__20: 
muxpart__5: 
logic__31: 
muxpart: 
case__5: 
logic__13: 
logic__59: 
case__19: 
reg__17: 
logic__12: 
ALU: 
reg__12: 
reg__2: 
logic__47: 
logic__14: 
logic__18: 
case__21: 
reg__28: 
logic__15: 
reg__13: 
datapath: 
logic__11: 
logic__9: 
