logic__86: 
logic__166: 
keep__77: 
logic__11: 
case__28: 
logic__9: 
logic__240: 
logic__211: 
xsdbs_v1_0_2_reg__parameterized5: 
logic__100: 
keep__85: 
keep__91: 
case__42: 
keep__2: 
xsdbs_v1_0_2_reg__parameterized23: 
keep__101: 
keep__82: 
logic__294: 
logic__55: 
datapath__9: 
reg__11: 
ltlib_v1_0_0_cfglut6: 
reg__102: 
ltlib_v1_0_0_match__parameterized0: 
keep__36: 
logic__258: 
xsdbs_v1_0_2_reg__parameterized45: 
logic__40: 
logic__119: 
xsdbs_v1_0_2_reg__parameterized16: 
keep__94: 
ltlib_v1_0_0_all_typeA_slice: 
keep__10: 
reg__122: 
reg__73: 
keep__71: 
reg__10: 
reg__24: 
xsdbs_v1_0_2_reg__parameterized28: 
case__64: 
reg__135: 
keep__33: 
muxpart__13: 
reg__153: 
case__62: 
logic__70: 
keep__16: 
logic__34: 
reg__85: 
logic__35: 
reg__22: 
reg__12: 
case__32: 
reg__61: 
logic__208: 
xsdbs_v1_0_2_reg__parameterized24: 
ltlib_v1_0_0_all_typeA__parameterized1: 
keep__98: 
reg__125: 
datapath__6: 
xsdbs_v1_0_2_xsdbs: 
keep__75: 
reg__126: 
keep__11: 
logic__85: 
reg__45: 
counter__1: 
reg__33: 
logic__72: 
logic__307: 
xsdbs_v1_0_2_reg_p2s: 
keep__54: 
keep__8: 
keep__7: 
case__53: 
keep__58: 
logic__30: 
logic__41: 
reg__111: 
reg__107: 
keep__23: 
xsdbs_v1_0_2_reg_stream: 
ila_v6_2_10_ila_trace_memory: 
logic__29: 
logic__157: 
reg__148: 
reg__5: 
blk_mem_gen_v8_4_4: 
reg__83: 
logic__32: 
logic__12: 
logic__5: 
logic__195: 
xsdbs_v1_0_2_reg__parameterized35: 
reg__139: 
counter__4: 
reg__43: 
logic__27: 
logic__19: 
xsdbs_v1_0_2_reg__parameterized10: 
keep__41: 
datapath__7: 
logic__300: 
keep__20: 
reg__42: 
logic__316: 
logic__312: 
xsdbs_v1_0_2_reg__parameterized2: 
reg__150: 
case__37: 
case__4: 
case__52: 
xsdbs_v1_0_2_reg__parameterized32: 
keep__32: 
keep__57: 
case__58: 
reg__71: 
reg__156: 
logic__297: 
logic__14: 
reg__137: 
ila_v6_2_10_ila_cap_ctrl_legacy: 
case: 
keep__34: 
logic__135: 
counter__7: 
xsdbs_v1_0_2_reg__parameterized25: 
reg__95: 
reg__147: 
reg__35: 
keep__86: 
logic__50: 
xsdbs_v1_0_2_reg__parameterized43: 
counter__8: 
reg__93: 
case__29: 
xsdbs_v1_0_2_reg__parameterized7: 
case__6: 
blk_mem_gen_v8_4_4_blk_mem_gen_prim_wrapper__parameterized0: 
blk_mem_gen_v8_4_4_blk_mem_gen_prim_wrapper: 
reg__124: 
logic__264: 
keep__35: 
logic__222: 
logic__13: 
reg__49: 
keep__84: 
xsdbs_v1_0_2_reg__parameterized41: 
keep__72: 
reg__157: 
reg__136: 
reg__115: 
muxpart__6: 
reg__127: 
muxpart__12: 
logic__75: 
reg__154: 
xsdbs_v1_0_2_reg__parameterized6: 
xsdbs_v1_0_2_reg: 
keep__37: 
xsdbs_v1_0_2_reg_p2s__parameterized0: 
logic__111: 
logic__124: 
reg__91: 
reg__40: 
logic__8: 
xsdbs_v1_0_2_reg_ctl__parameterized0: 
reg__143: 
keep__63: 
reg__113: 
xsdbs_v1_0_2_reg__parameterized18: 
reg__7: 
reg__104: 
case__38: 
reg__64: 
reg__146: 
logic__183: 
case__10: 
ltlib_v1_0_0_generic_mux: 
ltlib_v1_0_0_all_typeA: 
reg__15: 
xsdbs_v1_0_2_reg__parameterized33: 
ltlib_v1_0_0_all_typeA__parameterized0: 
xsdbs_v1_0_2_reg__parameterized44: 
case__35: 
logic__45: 
keep__97: 
muxpart__4: 
case__7: 
keep__56: 
ila_v6_2_10_ila_cap_window_counter: 
reg__99: 
reg__16: 
reg__75: 
case__16: 
reg__142: 
xsdbs_v1_0_2_reg__parameterized0: 
reg__152: 
blk_mem_gen_v8_4_4_blk_mem_gen_prim_width: 
keep__5: 
muxpart__21: 
logic__236: 
xsdbs_v1_0_2_reg__parameterized26: 
logic__47: 
case__60: 
keep__53: 
reg__47: 
logic__160: 
case__63: 
keep__40: 
reg__79: 
case__43: 
reg__132: 
keep__92: 
keep__67: 
logic__39: 
keep__65: 
xsdbs_v1_0_2_reg_ctl: 
reg__117: 
reg__18: 
keep__93: 
ltlib_v1_0_0_match_nodelay: 
keep__19: 
xsdbs_v1_0_2_reg_ctl__parameterized1: 
reg__138: 
reg__144: 
case__56: 
blk_mem_gen_v8_4_4_blk_mem_input_block: 
muxpart__7: 
reg__19: 
xsdbs_v1_0_2_reg__parameterized8: 
reg__23: 
keep__45: 
logic__52: 
ila_v6_2_10_ila: 
case__39: 
ltlib_v1_0_0_all_typeA_slice__parameterized0: 
reg__77: 
case__14: 
reg__108: 
case__3: 
logic__321: 
xsdbs_v1_0_2_reg__parameterized21: 
logic__148: 
keep__51: 
case__30: 
muxpart__11: 
logic__69: 
reg__145: 
logic__128: 
keep__70: 
logic__152: 
logic__196: 
logic__114: 
ltlib_v1_0_0_generic_memrd: 
reg__62: 
reg__149: 
reg__129: 
xsdbs_v1_0_2_reg__parameterized34: 
keep__48: 
logic__139: 
keep__31: 
ltlib_v1_0_0_allx_typeA__parameterized0: 
logic__173: 
reg__101: 
reg__14: 
keep: 
keep__83: 
ila_v6_2_10_ila_cap_addrgen: 
logic__245: 
reg__38: 
keep__80: 
keep__66: 
logic__313: 
reg__100: 
reg__92: 
reg__134: 
ila_0: 
keep__104: 
reg__109: 
xsdbs_v1_0_2_reg__parameterized1: 
logic__38: 
ltlib_v1_0_0_cfglut4: 
case__12: 
reg__26: 
logic__163: 
xsdbs_v1_0_2_reg__parameterized27: 
logic__155: 
reg__34: 
reg__110: 
muxpart__14: 
logic__314: 
keep__78: 
keep__49: 
logic__4: 
case__65: 
keep__17: 
reg__58: 
logic__17: 
datapath__10: 
keep__69: 
reg__59: 
logic__194: 
keep__62: 
keep__29: 
reg__90: 
logic__83: 
reg__65: 
reg__96: 
reg__17: 
xsdbs_v1_0_2_reg_stream__parameterized0: 
xsdbs_v1_0_2_reg_p2s__parameterized1: 
keep__9: 
reg__123: 
datapath__8: 
reg__82: 
muxpart: 
datapath__5: 
case__26: 
xsdbs_v1_0_2_reg__parameterized22: 
xsdbs_v1_0_2_reg__parameterized46: 
logic__306: 
reg__48: 
ltlib_v1_0_0_match: 
logic__182: 
logic__37: 
xsdbs_v1_0_2_reg__parameterized3: 
keep__24: 
logic__97: 
reg__54: 
case__57: 
reg__141: 
muxpart__17: 
logic__170: 
xsdbs_v1_0_2_reg__parameterized19: 
case__41: 
logic__26: 
reg__50: 
logic__31: 
counter__5: 
muxpart__19: 
case__47: 
logic__71: 
datapath__2: 
reg__69: 
keep__79: 
logic__43: 
reg__131: 
reg__116: 
xsdbs_v1_0_2_reg__parameterized29: 
reg__70: 
xsdbs_v1_0_2_reg__parameterized38: 
case__24: 
keep__64: 
reg__120: 
logic__317: 
ltlib_v1_0_0_all_typeA_slice__parameterized1: 
case__34: 
counter: 
case__44: 
case__55: 
reg__67: 
ila_v6_2_10_ila_core: 
reg__140: 
xsdbs_v1_0_2_reg__parameterized14: 
reg__84: 
logic__10: 
reg__133: 
xsdbs_v1_0_2_reg_stat: 
keep__105: 
blk_mem_gen_v8_4_4_blk_mem_output_block: 
case__21: 
logic__255: 
counter__6: 
keep__81: 
ila_v6_2_10_ila_reset_ctrl: 
keep__21: 
keep__74: 
logic__262: 
reg__3: 
keep__22: 
xsdbs_v1_0_2_reg_p2s__parameterized2: 
case__11: 
logic__84: 
logic__33: 
keep__15: 
case__33: 
ltlib_v1_0_0_allx_typeA: 
reg__2: 
keep__99: 
logic__235: 
reg__46: 
reg__63: 
reg__56: 
reg__76: 
datapath__1: 
logic__59: 
xsdbs_v1_0_2_reg__parameterized40: 
logic__18: 
keep__100: 
logic__53: 
reg__60: 
counter__3: 
reg__4: 
keep__50: 
reg__44: 
logic__22: 
reg__98: 
xsdbs_v1_0_2_reg__parameterized37: 
keep__25: 
xsdbs_v1_0_2_reg__parameterized15: 
logic__207: 
keep__42: 
keep__39: 
reg__57: 
reg__31: 
reg__6: 
logic__49: 
muxpart__9: 
blk_mem_gen_v8_4_4_blk_mem_gen_prim_width__parameterized0: 
ltlib_v1_0_0_rising_edge_detection: 
xsdbs_v1_0_2_reg__parameterized30: 
muxpart__20: 
reg__114: 
reg__86: 
datapath__11: 
reg__53: 
reg__39: 
reg__28: 
case__36: 
case__2: 
blk_mem_gen_v8_4_4_blk_mem_gen_generic_cstr: 
logic__289: 
keep__38: 
reg__55: 
logic__89: 
keep__47: 
keep__4: 
blk_mem_gen_v8_4_4_synth: 
case__50: 
ila_v6_2_10_ila_trigger: 
ltlib_v1_0_0_all_typeA_slice__parameterized2: 
keep__44: 
keep__27: 
reg__8: 
logic__20: 
blk_mem_gen_v8_4_4_blk_mem_gen_top: 
reg__155: 
ila_v6_2_10_ila_trig_match: 
reg__88: 
case__15: 
reg__20: 
ltlib_v1_0_0_async_edge_xfer: 
keep__26: 
keep__103: 
reg__130: 
reg__128: 
xsdbs_v1_0_2_reg__parameterized36: 
keep__28: 
keep__12: 
xsdbs_v1_0_2_reg__parameterized4: 
case__27: 
keep__90: 
muxpart__3: 
xsdbs_v1_0_2_reg__parameterized13: 
keep__68: 
case__31: 
reg__103: 
reg__68: 
logic__320: 
logic__51: 
reg__41: 
keep__95: 
ltlib_v1_0_0_cfglut7: 
logic__250: 
logic__1: 
xsdbs_v1_0_2_reg__parameterized17: 
logic__56: 
reg__36: 
ltlib_v1_0_0_allx_typeA_nodelay: 
case__40: 
ila_v6_2_10_ila_register: 
reg__78: 
reg__25: 
reg__13: 
keep__60: 
logic__99: 
muxpart__18: 
keep__55: 
logic__42: 
xsdbs_v1_0_2_reg__parameterized31: 
logic__48: 
logic__54: 
reg__89: 
reg__52: 
reg__32: 
keep__73: 
reg: 
reg__119: 
keep__46: 
case__54: 
case__51: 
reg__66: 
logic__44: 
reg__94: 
keep__6: 
reg__74: 
keep__61: 
keep__59: 
reg__1: 
reg__9: 
logic__156: 
reg__80: 
logic__16: 
keep__102: 
keep__52: 
case__5: 
keep__3: 
case__45: 
datapath__3: 
keep__76: 
muxpart__2: 
keep__14: 
reg__112: 
case__1: 
keep__96: 
reg__72: 
xsdbs_v1_0_2_reg__parameterized11: 
logic__23: 
ltlib_v1_0_0_cfglut6__parameterized0: 
keep__18: 
reg__87: 
logic__319: 
reg__30: 
logic__200: 
muxpart__16: 
case__48: 
logic__15: 
keep__88: 
reg__51: 
reg__27: 
keep__87: 
keep__1: 
logic__24: 
case__13: 
logic__103: 
logic__176: 
reg__81: 
case__25: 
logic__318: 
logic__315: 
xsdbs_v1_0_2_reg__parameterized39: 
keep__43: 
datapath__4: 
case__22: 
case__61: 
reg__151: 
xsdbs_v1_0_2_reg__parameterized12: 
logic__25: 
ila_v6_2_10_ila_cap_sample_counter: 
case__59: 
reg__37: 
datapath: 
keep__13: 
logic__28: 
reg__106: 
logic__237: 
logic__131: 
reg__118: 
logic__46: 
xsdbs_v1_0_2_reg__parameterized42: 
case__17: 
xsdbs_v1_0_2_reg__parameterized9: 
logic__21: 
reg__29: 
case__23: 
muxpart__15: 
case__46: 
case__20: 
logic: 
case__8: 
case__9: 
case__18: 
counter__2: 
xsdbs_v1_0_2_reg__parameterized20: 
keep__89: 
reg__21: 
logic__263: 
logic__149: 
reg__97: 
case__19: 
logic__36: 
ltlib_v1_0_0_cfglut5: 
case__49: 
logic__98: 
reg__121: 
reg__105: 
keep__30: 
