logic__76: 
case__22: 
case__8: 
logic__67: 
case__20: 
reg__25: 
logic__54: 
logic__8: 
logic__20: 
dff_resetless: 
case__16: 
logic__81: 
reg__28: 
muxpart__10: 
logic__60: 
case__23: 
logic__57: 
logic__19: 
reg__6: 
reg__39: 
reg__38: 
logic__91: 
reg__4: 
case__10: 
logic__53: 
reg__12: 
case__14: 
logic__3: 
clk_divider: 
logic__87: 
logic__80: 
muxpart__8: 
reg__13: 
reg__20: 
reg__9: 
logic__49: 
logic__18: 
reg__21: 
case__2: 
logic__94: 
case__28: 
reg__14: 
logic__13: 
counter: 
case__19: 
case__13: 
logic__12: 
reg__10: 
reg__3: 
logic__78: 
logic__37: 
case__17: 
reg__37: 
MUX: 
reg__5: 
reg__26: 
Filter: 
muxpart__1: 
reg__19: 
case__1: 
reg__30: 
logic__7: 
logic__86: 
reg__35: 
logic__63: 
logic__46: 
logic__6: 
reg__17: 
case__12: 
reg__27: 
Edge_Detector: 
muxpart__5: 
logic__38: 
reg__1: 
logic__15: 
Debounce_cb: 
reg__8: 
reg__16: 
logic__17: 
register_file: 
case__26: 
case__15: 
logic__79: 
case__25: 
reg__2: 
reg__15: 
muxpart__2: 
reg__34: 
case__6: 
reg__33: 
logic__27: 
muxpart: 
reg__29: 
muxpart__9: 
case__11: 
logic__29: 
case__27: 
logic__16: 
reg__36: 
case__21: 
logic__30: 
reg__23: 
logic__45: 
reg__18: 
reg__22: 
ALU: 
muxpart__6: 
logic__33: 
reg__7: 
ISA_decode: 
datapath: 
SSD: 
logic__4: 
logic__68: 
logic__14: 
logic__2: 
case__9: 
logic__11: 
case__18: 
logic__9: 
reg__31: 
case__7: 
reg__32: 
case__4: 
case: 
reg__24: 
logic__72: 
muxpart__4: 
reg__11: 
logic__1: 
logic: 
logic__5: 
case__5: 
case__3: 
case__24: 
logic__10: 
logic__41: 
muxpart__7: 
reg: 
