logic__443: 
logic__136: 
logic__268: 
logic__356: 
logic__106: 
logic__89: 
logic__143: 
logic__331: 
logic__298: 
datapath__4: 
logic__27: 
logic__39: 
logic__35: 
logic__142: 
logic__30: 
logic__101: 
logic__314: 
logic__225: 
logic__122: 
logic__240: 
logic__87: 
logic__393: 
logic__310: 
logic__139: 
logic__262: 
logic__247: 
logic__378: 
logic__127: 
logic__332: 
logic__16: 
logic__123: 
logic__96: 
logic__353: 
logic__288: 
logic__197: 
logic__286: 
logic__180: 
logic__193: 
logic__22: 
logic__433: 
logic__205: 
logic__252: 
logic__34: 
logic__235: 
logic__217: 
logic__1: 
logic__117: 
logic__323: 
logic__198: 
mult_gen_v12_0_16_viv: 
logic__311: 
logic__210: 
logic__357: 
logic__41: 
logic__320: 
logic__348: 
logic__384: 
logic__359: 
logic__36: 
logic__84: 
logic__347: 
logic__245: 
logic__53: 
logic__40: 
logic__322: 
logic__165: 
logic__18: 
logic__66: 
logic__204: 
logic__318: 
logic__221: 
logic__300: 
logic__70: 
logic__313: 
logic__434: 
logic__6: 
logic__181: 
logic__52: 
logic__352: 
logic__201: 
logic__47: 
logic__344: 
logic__223: 
logic__92: 
logic__263: 
logic__110: 
logic__164: 
logic__126: 
logic__195: 
logic__330: 
logic__81: 
logic__227: 
datapath__2: 
datapath__6: 
logic__291: 
logic__276: 
logic__149: 
logic__354: 
logic__336: 
logic__196: 
logic__362: 
logic__326: 
logic__192: 
logic__172: 
logic__424: 
logic__169: 
logic__44: 
logic__60: 
logic__222: 
logic__302: 
logic__200: 
logic__156: 
logic__94: 
logic__341: 
logic__304: 
logic__319: 
logic__419: 
logic__2: 
logic__248: 
logic__293: 
logic__79: 
logic__337: 
logic__303: 
logic__146: 
logic__279: 
logic__151: 
logic__243: 
datapath__1: 
logic__219: 
logic__412: 
logic__367: 
logic__295: 
logic__153: 
logic__270: 
logic__174: 
logic__269: 
logic__7: 
logic__107: 
logic__75: 
logic__57: 
logic__260: 
logic__226: 
reg: 
logic__144: 
logic__128: 
logic__131: 
logic__120: 
logic__29: 
logic__379: 
logic__244: 
mult_gen_v12_0_16: 
logic__255: 
logic__335: 
logic__287: 
logic__408: 
logic__316: 
logic__284: 
logic__261: 
logic__382: 
logic__111: 
logic__170: 
logic__256: 
logic__206: 
logic__413: 
logic__125: 
logic__442: 
logic__176: 
logic__345: 
logic__388: 
logic__55: 
logic__91: 
logic__88: 
logic__409: 
logic__48: 
logic__103: 
logic__228: 
logic__271: 
logic__191: 
logic__439: 
logic__308: 
logic__187: 
logic__259: 
logic__241: 
logic__150: 
logic__423: 
datapath__5: 
logic__272: 
logic__45: 
logic__281: 
logic__321: 
logic__397: 
datapath: 
logic__90: 
logic__58: 
logic__273: 
logic__46: 
logic__229: 
logic__422: 
logic__414: 
logic__202: 
logic__178: 
logic__428: 
logic__342: 
logic__78: 
logic__266: 
logic: 
logic__278: 
logic__220: 
logic__350: 
logic__68: 
logic__54: 
logic__188: 
logic__358: 
logic__171: 
logic__61: 
logic__432: 
logic__277: 
luts: 
logic__211: 
logic__93: 
logic__236: 
logic__218: 
logic__404: 
logic__315: 
logic__296: 
logic__213: 
logic__97: 
logic__294: 
logic__305: 
logic__267: 
logic__12: 
logic__444: 
logic__299: 
logic__19: 
logic__214: 
logic__26: 
logic__64: 
logic__207: 
logic__447: 
logic__33: 
logic__155: 
logic__134: 
logic__167: 
logic__369: 
logic__104: 
logic__56: 
logic__249: 
logic__325: 
logic__80: 
logic__23: 
logic__184: 
logic__129: 
logic__73: 
logic__312: 
logic__138: 
logic__402: 
logic__264: 
logic__159: 
logic__15: 
logic__189: 
logic__14: 
logic__147: 
logic__77: 
logic__183: 
logic__301: 
logic__351: 
logic__124: 
logic__438: 
logic__258: 
logic__398: 
logic__355: 
logic__20: 
logic__163: 
logic__100: 
logic__98: 
logic__161: 
logic__9: 
logic__254: 
logic__37: 
logic__102: 
logic__283: 
logic__137: 
logic__361: 
logic__309: 
logic__132: 
logic__162: 
logic__113: 
logic__119: 
logic__374: 
logic__10: 
logic__448: 
logic__157: 
logic__234: 
logic__194: 
logic__99: 
logic__383: 
logic__429: 
logic__306: 
logic__373: 
logic__17: 
logic__389: 
logic__343: 
logic__340: 
logic__208: 
logic__11: 
logic__72: 
logic__346: 
ALU_mult_gen_0_0: 
logic__280: 
logic__74: 
logic__5: 
logic__368: 
logic__274: 
logic__4: 
logic__251: 
logic__31: 
logic__232: 
logic__364: 
logic__427: 
logic__399: 
logic__338: 
logic__145: 
logic__317: 
logic__250: 
logic__115: 
logic__114: 
logic__152: 
logic__108: 
logic__179: 
logic__231: 
logic__168: 
logic__71: 
logic__216: 
logic__177: 
logic__154: 
logic__324: 
logic__307: 
logic__292: 
logic__238: 
logic__166: 
logic__141: 
logic__418: 
logic__297: 
logic__328: 
logic__257: 
logic__239: 
logic__133: 
logic__289: 
logic__109: 
logic__85: 
logic__82: 
logic__121: 
logic__377: 
op_resize: 
logic__112: 
logic__417: 
logic__387: 
logic__394: 
logic__50: 
logic__407: 
logic__25: 
logic__67: 
logic__135: 
logic__449: 
logic__158: 
logic__199: 
logic__28: 
logic__65: 
logic__290: 
logic__38: 
logic__140: 
logic__403: 
logic__246: 
logic__182: 
logic__392: 
logic__230: 
logic__190: 
logic__265: 
logic__237: 
logic__203: 
logic__49: 
logic__69: 
logic__209: 
logic__224: 
logic__42: 
logic__185: 
logic__333: 
logic__329: 
logic__86: 
logic__215: 
logic__148: 
logic__24: 
logic__95: 
logic__160: 
logic__32: 
logic__3: 
datapath__3: 
logic__212: 
logic__8: 
logic__339: 
logic__233: 
logic__118: 
logic__43: 
logic__63: 
logic__76: 
logic__349: 
logic__285: 
logic__363: 
logic__282: 
logic__51: 
logic__21: 
logic__175: 
logic__173: 
logic__437: 
logic__186: 
logic__13: 
logic__334: 
logic__327: 
logic__116: 
logic__360: 
logic__242: 
logic__372: 
logic__59: 
logic__253: 
logic__105: 
logic__83: 
logic__62: 
logic__130: 
logic__275: 
