reg__26: 
reg__18: 
case__22: 
register_file: 
reg__2: 
logic__8: 
reg__6: 
case__9: 
case__12: 
reg__11: 
logic__5: 
case__17: 
reg__3: 
case__3: 
case__19: 
refresh_clk: 
muxpart__4: 
reg__16: 
muxpart__2: 
reg__32: 
logic__16: 
reg__22: 
reg__5: 
case__15: 
case__21: 
case__14: 
Debounce_cb: 
case__18: 
muxpart__8: 
logic__15: 
reg__31: 
reg__28: 
logic__30: 
SSD: 
case__13: 
logic__52: 
logic__42: 
logic__33: 
reg__8: 
logic__18: 
logic__13: 
logic__11: 
logic__12: 
counter: 
cathode: 
reg__30: 
muxpart__1: 
logic__14: 
logic__9: 
logic__66: 
reg__13: 
muxpart__6: 
case__6: 
ISA_decode: 
reg__15: 
reg__4: 
logic__25: 
logic__1: 
dff_resetless: 
logic__27: 
case__16: 
ALU: 
case__10: 
reg__33: 
logic__38: 
reg__14: 
reg__29: 
reg__23: 
case__11: 
logic__10: 
logic__3: 
reg__25: 
case__7: 
reg__12: 
logic__17: 
logic__6: 
logic__45: 
muxpart: 
reg__21: 
logic__48: 
case__4: 
logic__2: 
reg__19: 
MUX: 
logic__37: 
reg__24: 
reg__20: 
reg__17: 
reg__9: 
case__8: 
clk_divider: 
Filter: 
case__20: 
datapath: 
muxpart__7: 
logic__4: 
datapath__1: 
logic__47: 
reg__10: 
logic__7: 
muxpart__5: 
case: 
logic__46: 
case__2: 
reg__27: 
Edge_Detector: 
reg__7: 
case__5: 
logic: 
case__1: 
logic__59: 
reg__1: 
anode_control: 
logic__53: 
BCD_on: 
reg: 
logic__29: 
