logic__65: 
reg__33: 
reg__13: 
reg__35: 
logic__1: 
ISA_decode: 
muxpart__5: 
refresh_clk: 
logic__20: 
logic__60: 
case__16: 
ALU: 
logic__15: 
logic__44: 
logic__54: 
logic__2: 
SSD: 
reg__5: 
logic__29: 
reg__11: 
muxpart__1: 
reg__4: 
logic__3: 
logic__49: 
case__2: 
reg__32: 
BCD_on: 
reg__31: 
logic__40: 
case__24: 
reg__18: 
case__10: 
logic__53: 
case__20: 
clk_divider: 
reg__2: 
reg__1: 
logic__9: 
datapath__1: 
logic__27: 
muxpart__6: 
reg__8: 
logic__8: 
logic__48: 
case__23: 
logic__55: 
case__4: 
case__3: 
case__28: 
counter: 
case__12: 
logic__61: 
reg__28: 
case__21: 
logic__24: 
reg__3: 
logic__16: 
reg__16: 
anode_control: 
muxpart__2: 
logic__64: 
case__1: 
case__6: 
logic__11: 
reg__24: 
reg__21: 
case__8: 
register_file: 
reg__34: 
muxpart__3: 
case__14: 
muxpart__4: 
logic__4: 
case__9: 
muxpart: 
reg__19: 
reg__17: 
reg__27: 
case__19: 
reg__23: 
reg__6: 
reg__30: 
reg__29: 
logic__47: 
Edge_Detector: 
logic__6: 
case__17: 
logic__5: 
case__15: 
reg__26: 
logic__17: 
case__27: 
logic__39: 
case__18: 
logic__50: 
reg__14: 
case__5: 
logic__12: 
datapath: 
logic__14: 
logic__7: 
reg__15: 
reg__20: 
case__7: 
reg__10: 
reg__36: 
reg__25: 
case__13: 
case__25: 
logic__23: 
cathode: 
case: 
reg__7: 
MUX: 
case__22: 
logic: 
case__11: 
case__26: 
dff_resetless: 
reg__22: 
logic__31: 
logic__10: 
Debounce_cb: 
logic__32: 
reg__9: 
reg__12: 
Filter: 
logic__35: 
reg: 
logic__13: 
