logic__8: 
logic__42: 
case: 
reg__31: 
reg__19: 
logic__11: 
reg__2: 
logic: 
case__16: 
reg__11: 
case__13: 
logic__14: 
logic__51: 
reg: 
reg__4: 
logic__10: 
SSD: 
case__17: 
case__4: 
logic__30: 
reg__32: 
case__18: 
ALU: 
case__3: 
logic__57: 
reg__20: 
reg__16: 
muxpart__2: 
logic__6: 
case__1: 
logic__58: 
cathode: 
logic__16: 
logic__43: 
case__9: 
dff_resetless: 
muxpart__7: 
logic__34: 
MUX: 
clk_divider: 
logic__12: 
logic__32: 
logic__21: 
reg__27: 
case__8: 
muxpart__4: 
BCD_on: 
reg__3: 
reg__1: 
reg__8: 
case__11: 
reg__26: 
case__20: 
counter: 
logic__7: 
register_file: 
reg__7: 
muxpart__8: 
logic__22: 
case__24: 
logic__5: 
logic__1: 
reg__33: 
reg__6: 
reg__10: 
case__21: 
logic__15: 
logic__13: 
logic__35: 
anode_control: 
reg__23: 
reg__18: 
logic__2: 
case__10: 
reg__21: 
reg__12: 
logic__62: 
logic__23: 
case__12: 
case__7: 
case__15: 
logic__50: 
reg__25: 
reg__14: 
logic__65: 
logic__4: 
muxpart__1: 
reg__15: 
reg__13: 
reg__29: 
case__19: 
reg__22: 
reg__9: 
logic__52: 
case__5: 
muxpart__5: 
muxpart: 
case__14: 
logic__38: 
case__22: 
case__23: 
logic__47: 
reg__17: 
reg__30: 
case__6: 
Edge_Detector: 
refresh_clk: 
reg__5: 
Debounce_cb: 
Filter: 
logic__3: 
logic__9: 
datapath: 
ISA_decode: 
reg__28: 
reg__24: 
datapath__1: 
case__2: 
muxpart__6: 
