reg__26: 
logic__2: 
logic__50: 
logic__6: 
ALU: 
datapath__1: 
SSD: 
logic__17: 
reg__16: 
reg__7: 
ISA_decode: 
muxpart__6: 
refresh_clk: 
anode_control: 
case__21: 
case__19: 
reg__14: 
reg__29: 
logic__7: 
case__14: 
reg__17: 
reg__21: 
logic__41: 
case__6: 
Filter: 
reg__15: 
muxpart__4: 
case__15: 
reg__12: 
reg__22: 
logic__9: 
reg__32: 
case__16: 
case__22: 
case__2: 
case__18: 
reg__23: 
logic__44: 
logic__38: 
case__7: 
logic__5: 
counter: 
reg__3: 
reg__28: 
reg__9: 
logic__14: 
logic__15: 
reg__25: 
logic__43: 
register_file: 
reg__13: 
case__20: 
muxpart__5: 
BCD_on: 
logic__33: 
reg__19: 
reg__10: 
logic__1: 
reg__5: 
case__13: 
reg__31: 
reg__30: 
case__17: 
muxpart__3: 
case__12: 
logic__13: 
case__10: 
logic__18: 
muxpart__2: 
logic__3: 
muxpart: 
logic__10: 
case__11: 
reg__24: 
cathode: 
clk_divider: 
logic__16: 
logic__26: 
reg__2: 
logic__12: 
case__5: 
case__4: 
muxpart__1: 
reg__27: 
logic__25: 
reg__6: 
datapath: 
logic__42: 
case__1: 
Edge_Detector: 
MUX: 
logic__11: 
Debounce_cb: 
reg__1: 
case: 
logic__34: 
reg__18: 
reg__8: 
case__9: 
logic__23: 
reg__33: 
logic: 
reg__20: 
case__8: 
logic__29: 
case__3: 
logic__4: 
reg__4: 
reg__11: 
logic__58: 
dff_resetless: 
reg: 
logic__8: 
