muxpart__3: 
case: 
logic__16: 
logic: 
logic__8: 
register_file: 
reg__25: 
reg__19: 
case__12: 
reg__15: 
datapath__6: 
MUX: 
Edge_Detector: 
logic__13: 
logic__2: 
reg__35: 
case__26: 
reg__20: 
reg: 
reg__2: 
reg__23: 
dff_resetless: 
logic__38: 
reg__10: 
logic__35: 
muxpart__2: 
Debounce_cb: 
muxpart__6: 
case__28: 
reg__34: 
datapath__2: 
logic__61: 
case__7: 
reg__32: 
case__25: 
logic__29: 
logic__47: 
logic__24: 
case__8: 
logic__20: 
BCD_on: 
logic__30: 
case__19: 
case__17: 
reg__16: 
logic__14: 
reg__12: 
reg__29: 
reg__11: 
logic__5: 
reg__13: 
logic__28: 
logic__18: 
reg__28: 
case__23: 
reg__17: 
reg__5: 
reg__33: 
reg__3: 
case__27: 
case__21: 
muxpart__5: 
logic__17: 
datapath__3: 
logic__12: 
reg__14: 
logic__50: 
Filter: 
reg__9: 
case__14: 
logic__6: 
case__22: 
counter: 
reg__27: 
case__2: 
logic__43: 
reg__24: 
logic__27: 
logic__22: 
reg__21: 
case__16: 
muxpart__1: 
reg__4: 
logic__56: 
reg__6: 
logic__7: 
logic__15: 
logic__54: 
case__24: 
datapath__4: 
case__4: 
cathode: 
case__15: 
case__1: 
counter__1: 
logic__32: 
reg__8: 
SSD: 
case__10: 
logic__57: 
reg__31: 
reg__1: 
refresh_clk: 
case__9: 
muxpart: 
reg__18: 
logic__19: 
logic__26: 
datapath__5: 
logic__11: 
case__5: 
logic__34: 
case__3: 
logic__67: 
reg__7: 
muxpart__4: 
case__6: 
reg__22: 
logic__25: 
logic__51: 
anode_control: 
datapath: 
ALU: 
ISA_decode: 
case__20: 
clk_divider: 
case__13: 
case__11: 
logic__53: 
logic__52: 
logic__23: 
logic__55: 
case__18: 
logic__42: 
logic__10: 
datapath__1: 
logic__21: 
reg__30: 
reg__26: 
