muxpart__4: 
case__37: 
MUX: 
clk_divider: 
case__29: 
ALU: 
case: 
muxpart__2: 
case__17: 
logic: 
reg__26: 
reg__32: 
logic__104: 
muxpart__8: 
case__30: 
reg__2: 
reg: 
case__10: 
case__3: 
reg__29: 
case__33: 
logic__68: 
case__31: 
case__34: 
case__1: 
Edge_Detector: 
case__2: 
reg__9: 
reg__15: 
reg__12: 
reg__14: 
logic__80: 
register_file: 
case__26: 
SSD: 
reg__7: 
reg__19: 
reg__5: 
logic__108: 
case__21: 
logic__69: 
case__8: 
logic__1: 
muxpart__6: 
case__14: 
case__5: 
reg__8: 
muxpart__7: 
logic__93: 
case__36: 
case__28: 
case__35: 
reg__4: 
case__7: 
reg__18: 
reg__23: 
reg__24: 
ISA_decode: 
case__23: 
logic__89: 
counter: 
reg__20: 
case__11: 
muxpart__5: 
case__32: 
refresh_clk: 
logic__76: 
dff_resetless: 
anode_control: 
case__6: 
logic__103: 
logic__84: 
reg__17: 
case__18: 
reg__11: 
case__25: 
case__16: 
reg__10: 
case__22: 
logic__96: 
reg__21: 
reg__30: 
reg__27: 
Filter: 
reg__25: 
reg__31: 
reg__6: 
case__19: 
logic__88: 
cathode: 
case__27: 
muxpart: 
reg__3: 
BCD_on: 
reg__33: 
muxpart__1: 
case__12: 
logic__78: 
reg__28: 
reg__22: 
datapath__1: 
reg__13: 
logic__98: 
case__15: 
case__13: 
reg__1: 
Debounce_cb: 
case__20: 
logic__97: 
case__9: 
reg__16: 
datapath: 
logic__111: 
case__4: 
logic__81: 
case__24: 
