keep__49: 
xbip_pipe_v3_0_6_viv__parameterized17: 
datapath__1: 
reg__57: 
keep__28: 
logic__8: 
case__5: 
keep__41: 
reg: 
keep__66: 
reg__35: 
keep__22: 
keep__33: 
reg__33: 
keep__21: 
keep__5: 
keep__69: 
keep__67: 
reg__61: 
keep__15: 
xbip_pipe_v3_0_6_viv__parameterized37: 
keep__3: 
reg__2: 
c_addsub_lut6: 
keep__53: 
c_addsub_viv__parameterized0: 
reg__15: 
keep__36: 
keep__1: 
reg__41: 
reg__40: 
reg__67: 
keep__7: 
xbip_pipe_v3_0_6_viv__parameterized29: 
reg__12: 
reg__70: 
xbip_pipe_v3_0_6_viv__parameterized21: 
keep__58: 
reg__71: 
keep__60: 
keep__12: 
keep__32: 
xbip_pipe_v3_0_6_viv__parameterized53: 
logic__33: 
logic__28: 
logic__19: 
xbip_pipe_v3_0_6_viv__parameterized39: 
logic__25: 
xbip_pipe_v3_0_6_viv__parameterized51: 
keep__51: 
div_gen_v5_1_16: 
dividervdc_v: 
logic__34: 
keep__2: 
logic__27: 
reg__3: 
xbip_pipe_v3_0_6_viv__parameterized1: 
reg__14: 
cmp2s_v__parameterized0: 
keep__52: 
xbip_pipe_v3_0_6_viv__parameterized25: 
reg__18: 
keep__42: 
reg__36: 
keep__9: 
reg__13: 
logic__23: 
xbip_pipe_v3_0_6_viv__parameterized57: 
case__3: 
reg__11: 
xbip_pipe_v3_0_6_viv__parameterized59: 
logic__35: 
ALU_div_gen_0_2: 
reg__47: 
xbip_pipe_v3_0_6_viv__parameterized15: 
reg__52: 
logic__36: 
logic__22: 
reg__42: 
reg__4: 
reg__31: 
logic__12: 
xbip_pipe_v3_0_6_viv: 
keep__44: 
reg__25: 
xbip_pipe_v3_0_6_viv__parameterized33: 
reg__63: 
keep__39: 
reg__34: 
logic__4: 
logic__18: 
case__1: 
keep__56: 
keep__46: 
reg__69: 
keep__37: 
keep__38: 
xbip_pipe_v3_0_6_viv__parameterized35: 
keep__50: 
keep__31: 
reg__37: 
logic__16: 
xbip_pipe_v3_0_6_viv__parameterized11: 
keep__14: 
datapath__2: 
logic__38: 
xbip_pipe_v3_0_6_viv__parameterized61: 
reg__6: 
reg__28: 
reg__45: 
reg__62: 
xbip_pipe_v3_0_6_viv__parameterized41: 
reg__9: 
reg__64: 
keep__43: 
keep__35: 
logic__31: 
reg__53: 
reg__8: 
keep__13: 
keep: 
logic__13: 
keep__18: 
reg__44: 
logic__41: 
reg__58: 
xbip_pipe_v3_0_6_viv__parameterized55: 
reg__20: 
xbip_pipe_v3_0_6_viv__parameterized45: 
reg__50: 
reg__54: 
keep__65: 
keep__57: 
reg__17: 
keep__6: 
reg__19: 
keep__47: 
reg__68: 
xbip_pipe_v3_0_6_viv__parameterized7: 
cmp2s_v__parameterized1: 
c_twos_comp_viv__parameterized0: 
case__2: 
keep__29: 
addsubreg_v__parameterized0: 
keep__40: 
reg__49: 
case: 
logic__11: 
logic__26: 
keep__10: 
xbip_pipe_v3_0_6_viv__parameterized43: 
keep__70: 
logic__1: 
xbip_pipe_v3_0_6_viv__parameterized31: 
reg__75: 
c_addsub_viv: 
xbip_pipe_v3_0_6_viv__parameterized70: 
reg__39: 
reg__48: 
case__4: 
reg__46: 
logic__32: 
reg__59: 
xbip_pipe_v3_0_6_viv__parameterized13: 
xbip_pipe_v3_0_6_viv__parameterized63: 
logic__42: 
keep__19: 
reg__26: 
reg__72: 
datapath: 
reg__23: 
logic__37: 
reg__10: 
reg__32: 
reg__21: 
reg__1: 
reg__56: 
reg__22: 
keep__24: 
keep__20: 
keep__11: 
keep__16: 
keep__71: 
keep__48: 
logic__21: 
logic: 
xbip_pipe_v3_0_6_viv__parameterized9: 
keep__17: 
xbip_pipe_v3_0_6_viv__parameterized65: 
reg__51: 
keep__23: 
reg__73: 
reg__74: 
keep__8: 
c_twos_comp_viv: 
c_addsub_lut6__parameterized1: 
logic__5: 
div_gen_v5_1_16_viv: 
reg__38: 
keep__4: 
reg__60: 
logic__24: 
reg__65: 
xbip_pipe_v3_0_6_viv__parameterized5: 
keep__68: 
keep__55: 
cmp2s_v: 
keep__25: 
keep__63: 
reg__16: 
reg__55: 
keep__62: 
addsubreg_v: 
reg__30: 
bip_sdivider_synth: 
xbip_pipe_v3_0_6_viv__parameterized19: 
keep__59: 
logic__29: 
keep__26: 
keep__61: 
keep__34: 
keep__27: 
keep__64: 
xbip_pipe_v3_0_6_viv__parameterized23: 
reg__24: 
keep__45: 
xbip_pipe_v3_0_6_viv__parameterized3: 
xbip_pipe_v3_0_6_viv__parameterized68: 
reg__27: 
keep__54: 
xbip_pipe_v3_0_6_viv__parameterized49: 
logic__17: 
reg__43: 
reg__5: 
logic__20: 
xbip_pipe_v3_0_6_viv__parameterized47: 
keep__30: 
reg__7: 
reg__66: 
reg__29: 
xbip_pipe_v3_0_6_viv__parameterized27: 
c_twos_comp_viv__parameterized1: 
div_gen_synth: 
logic__30: 
