logic__10: 
logic__1: 
reg__2: 
logic__15: 
logic__14: 
logic__17: 
Filter: 
logic__38: 
logic__30: 
logic__49: 
logic__13: 
reg__4: 
case__2: 
reg__34: 
logic__77: 
reg__10: 
case__22: 
case__11: 
reg__1: 
reg__29: 
case__19: 
logic__7: 
case__9: 
logic__33: 
MUX: 
case__3: 
case__12: 
reg__6: 
reg__33: 
logic__87: 
case__27: 
reg__26: 
reg__12: 
reg__20: 
case__28: 
reg__17: 
muxpart__1: 
reg__35: 
muxpart__2: 
logic__12: 
logic__83: 
logic__60: 
logic__57: 
logic__8: 
dff_resetless: 
counter: 
reg__22: 
logic__9: 
case__16: 
logic__76: 
reg__14: 
logic__29: 
reg__36: 
logic__75: 
reg__3: 
reg__11: 
reg__27: 
case__5: 
logic__5: 
case__26: 
case__20: 
logic__18: 
case__14: 
Edge_Detector: 
reg__25: 
case__15: 
Debounce_cb: 
reg__21: 
logic__3: 
logic__37: 
ALU: 
logic__45: 
case__10: 
logic__16: 
muxpart__4: 
muxpart__6: 
reg__8: 
case__21: 
case__25: 
case__8: 
case__7: 
reg__28: 
muxpart: 
reg__13: 
reg__37: 
case__4: 
ISA_decode: 
reg__31: 
case__24: 
logic__11: 
reg__15: 
reg__19: 
reg__7: 
reg__18: 
muxpart__8: 
logic__19: 
logic__46: 
reg__24: 
reg__5: 
logic__20: 
SSD: 
case__17: 
register_file: 
logic__72: 
case__18: 
logic__27: 
logic__68: 
reg__30: 
logic__41: 
reg__9: 
logic__53: 
case: 
muxpart__5: 
logic__90: 
logic__67: 
case__1: 
case__23: 
logic__6: 
logic__82: 
muxpart__7: 
logic: 
reg__32: 
reg__23: 
logic__63: 
reg__16: 
case__13: 
logic__54: 
logic__2: 
case__6: 
logic__4: 
reg: 
