muxpart__2: 
logic__79: 
logic__13: 
reg__6: 
logic__1: 
ISA_decode: 
case__7: 
case: 
logic__92: 
muxpart__4: 
logic: 
reg__17: 
reg__14: 
reg__7: 
case__1: 
reg: 
case__14: 
logic__62: 
reg__12: 
logic__89: 
case__2: 
muxpart__7: 
logic__67: 
Debounce_cb: 
case__23: 
reg__20: 
dff_resetless: 
logic__4: 
reg__2: 
reg__29: 
Edge_Detector: 
case__22: 
reg__15: 
logic__84: 
reg__26: 
case__5: 
ALU: 
logic__14: 
logic__27: 
logic__85: 
reg__22: 
logic__30: 
reg__18: 
MUX: 
logic__71: 
logic__33: 
reg__9: 
reg__4: 
case__18: 
reg__11: 
logic__17: 
logic__9: 
case__6: 
logic__5: 
logic__15: 
reg__8: 
reg__25: 
muxpart__6: 
logic__66: 
logic__55: 
case__11: 
case__19: 
case__12: 
case__20: 
counter: 
case__4: 
SSD: 
logic__31: 
case__8: 
logic__19: 
logic__3: 
clk_divider: 
reg__10: 
logic__16: 
logic__20: 
reg__3: 
logic__18: 
logic__10: 
case__9: 
logic__6: 
case__13: 
reg__27: 
muxpart__5: 
case__21: 
logic__46: 
logic__45: 
reg__5: 
logic__7: 
reg__19: 
logic__77: 
case__10: 
reg__23: 
logic__32: 
reg__28: 
logic__47: 
muxpart: 
logic__29: 
logic__78: 
reg__24: 
logic__59: 
case__3: 
muxpart__1: 
Filter: 
logic__8: 
register_file: 
case__15: 
logic__11: 
logic__75: 
datapath: 
reg__13: 
reg__16: 
reg__21: 
case__17: 
logic__12: 
logic__2: 
reg__1: 
case__16: 
