logic__3: 
case: 
case__13: 
logic__25: 
reg__4: 
logic: 
reg__21: 
logic__60: 
case__3: 
logic__7: 
logic__5: 
logic__22: 
reg__1: 
anode_control: 
reg: 
case__1: 
reg__18: 
logic__42: 
reg__23: 
reg__9: 
case__22: 
reg__30: 
muxpart__5: 
logic__16: 
case__25: 
reg__29: 
case__4: 
dff_resetless: 
reg__2: 
refresh_clk: 
muxpart__1: 
logic__45: 
register_file: 
reg__6: 
reg__27: 
reg__26: 
case__20: 
logic__54: 
case__14: 
logic__48: 
logic__10: 
muxpart__2: 
case__26: 
case__5: 
ISA_decode: 
reg__10: 
logic__50: 
muxpart__4: 
Filter: 
logic__21: 
case__9: 
cathode: 
reg__20: 
reg__31: 
case__8: 
reg__5: 
case__17: 
logic__61: 
logic__46: 
case__12: 
reg__15: 
logic__14: 
logic__12: 
logic__13: 
case__10: 
counter: 
logic__30: 
logic__9: 
case__11: 
muxpart__6: 
logic__4: 
logic__8: 
reg__32: 
ALU: 
logic__1: 
reg__25: 
logic__38: 
case__23: 
logic__15: 
reg__28: 
reg__19: 
clk_divider: 
muxpart__3: 
logic__27: 
case__15: 
reg__7: 
MUX: 
reg__35: 
reg__33: 
reg__16: 
case__16: 
case__19: 
reg__34: 
logic__49: 
case__18: 
reg__3: 
reg__13: 
logic__6: 
logic__18: 
muxpart: 
BCD_on: 
Debounce_cb: 
case__6: 
logic__37: 
reg__11: 
logic__47: 
reg__12: 
case__24: 
case__7: 
logic__33: 
datapath__1: 
logic__29: 
case__2: 
Edge_Detector: 
reg__24: 
reg__8: 
reg__14: 
case__21: 
logic__11: 
datapath: 
SSD: 
reg__22: 
reg__17: 
logic__2: 
logic__17: 
