muxpart__43: 
logic__219: 
case__123: 
case__112: 
case__1: 
case__135: 
case__164: 
muxpart__6: 
reg__8: 
case__14: 
reg__12: 
datapath__3: 
case__106: 
case__76: 
case__167: 
case__20: 
reg__28: 
case__133: 
dsp48e1: 
case__125: 
reg__25: 
muxpart__50: 
case__66: 
case__163: 
muxpart__41: 
reg__5: 
case__115: 
muxpart__21: 
case__136: 
case__87: 
case__122: 
case__17: 
muxpart__10: 
case__127: 
logic__213: 
SSD: 
case__5: 
case__161: 
case__151: 
case__11: 
muxpart__8: 
case__48: 
case__30: 
case__38: 
muxpart__54: 
reg__1: 
case__158: 
case__36: 
case__91: 
case__113: 
logic__30: 
case__57: 
case__22: 
case__67: 
muxpart__48: 
reg__11: 
case__98: 
datapath__5: 
case__114: 
case__45: 
muxpart__4: 
muxpart__18: 
muxpart__53: 
case__54: 
reg__33: 
case__100: 
case__78: 
reg__20: 
case: 
muxpart__36: 
dff_resetless: 
reg__34: 
case__82: 
logic__14: 
case__154: 
case__53: 
reg__29: 
reg__7: 
case__9: 
muxpart__11: 
case__24: 
muxpart__5: 
case__140: 
case__40: 
case__80: 
case__142: 
case__83: 
logic__203: 
reg__19: 
muxpart__47: 
muxpart__19: 
ISA_decode: 
case__128: 
case__62: 
case__70: 
logic__206: 
case__90: 
muxpart__37: 
logic__184: 
case__33: 
muxpart__44: 
case__25: 
muxpart__12: 
muxpart__30: 
case__19: 
case__29: 
case__138: 
case__65: 
datapath__2: 
logic__20: 
case__124: 
anode_control: 
case__71: 
muxpart__15: 
muxpart__20: 
case__169: 
case__111: 
Filter: 
case__162: 
logic__194: 
muxpart__31: 
case__132: 
reg__22: 
case__156: 
logic__168: 
case__72: 
case__55: 
muxpart__28: 
case__49: 
muxpart__45: 
case__77: 
case__130: 
logic__17: 
case__101: 
case__52: 
logic__195: 
reg__16: 
reg__4: 
MUX: 
muxpart__9: 
case__157: 
muxpart__7: 
muxpart__40: 
reg__6: 
case__96: 
case__119: 
reg__23: 
case__110: 
reg__17: 
reg__14: 
case__41: 
case__6: 
case__134: 
case__39: 
reg__32: 
muxpart__25: 
case__28: 
case__60: 
case__105: 
logic__187: 
case__121: 
case__21: 
logic__209: 
logic__212: 
case__97: 
logic__202: 
case__120: 
case__118: 
BCD_on: 
muxpart__22: 
case__109: 
datapath__1: 
case__35: 
muxpart__34: 
muxpart__2: 
case__8: 
muxpart__51: 
case__58: 
muxpart: 
reg__31: 
logic__204: 
case__88: 
case__94: 
logic__12: 
case__147: 
register_file: 
logic__157: 
case__12: 
case__108: 
muxpart__14: 
case__42: 
case__51: 
case__159: 
case__3: 
muxpart__38: 
case__143: 
case__34: 
case__95: 
case__63: 
case__59: 
case__139: 
counter: 
case__141: 
case__93: 
case__31: 
case__46: 
logic__6: 
case__50: 
case__153: 
case__145: 
logic__160: 
case__171: 
case__32: 
Edge_Detector: 
muxpart__46: 
clk_divider: 
case__56: 
case__68: 
case__69: 
case__10: 
datapath__6: 
logic__186: 
case__173: 
case__172: 
muxpart__3: 
case__4: 
case__81: 
muxpart__13: 
muxpart__35: 
case__84: 
case__7: 
muxpart__52: 
case__43: 
logic__3: 
case__27: 
logic__181: 
case__165: 
logic__190: 
logic__216: 
case__47: 
case__116: 
logic__2: 
case__149: 
reg__26: 
case__86: 
case__175: 
reg__35: 
refresh_clk: 
case__170: 
case__64: 
case__85: 
case__103: 
logic__178: 
muxpart__26: 
case__126: 
case__16: 
reg__37: 
reg__15: 
case__61: 
case__137: 
cathode: 
case__155: 
case__74: 
case__168: 
muxpart__27: 
reg__27: 
muxpart__33: 
case__107: 
reg__18: 
case__92: 
reg__24: 
reg: 
case__104: 
muxpart__24: 
case__18: 
reg__3: 
case__160: 
reg__13: 
case__73: 
case__2: 
case__99: 
reg__2: 
logic__182: 
muxpart__32: 
ALU: 
logic__13: 
case__37: 
Debounce_cb: 
case__148: 
case__44: 
case__15: 
case__152: 
case__131: 
case__13: 
case__144: 
datapath: 
logic__35: 
logic__205: 
case__102: 
case__75: 
case__166: 
reg__9: 
reg__36: 
muxpart__55: 
muxpart__16: 
case__129: 
case__79: 
case__146: 
reg__21: 
muxpart__42: 
case__150: 
reg__10: 
logic: 
logic__199: 
case__174: 
muxpart__23: 
case__117: 
case__23: 
case__26: 
datapath__4: 
reg__30: 
case__89: 
muxpart__17: 
