logic__14: 
reg__10: 
logic__26: 
muxpart__5: 
case__7: 
muxpart__10: 
logic__44: 
reg__3: 
case__43: 
logic__23: 
case__29: 
logic__6: 
reg__30: 
ISA_decode: 
logic__29: 
clk_divider: 
case__9: 
case__35: 
Debounce_cb: 
reg__1: 
case__25: 
reg__11: 
case__23: 
case__5: 
logic__3: 
reg__19: 
case: 
case__13: 
case__52: 
logic__12: 
case__39: 
case__56: 
reg__22: 
case__17: 
reg__9: 
Edge_Detector: 
cathode: 
reg__6: 
Filter: 
logic__16: 
case__20: 
counter: 
case__6: 
datapath: 
case__42: 
logic__15: 
reg__17: 
logic__41: 
case__53: 
logic__33: 
muxpart__3: 
case__33: 
reg__12: 
case__41: 
case__10: 
logic: 
reg__35: 
logic__34: 
muxpart__6: 
case__8: 
case__4: 
muxpart__2: 
reg__25: 
reg__23: 
muxpart: 
case__54: 
case__36: 
case__48: 
muxpart__8: 
logic__42: 
case__58: 
reg__15: 
logic__21: 
case__49: 
case__37: 
reg__5: 
logic__52: 
case__34: 
logic__59: 
case__22: 
case__21: 
case__27: 
reg__14: 
case__18: 
case__26: 
logic__2: 
logic__46: 
reg__16: 
reg__20: 
case__30: 
reg__29: 
reg__2: 
case__40: 
logic__38: 
reg__24: 
case__32: 
case__55: 
case__44: 
reg: 
case__11: 
case__15: 
case__38: 
case__19: 
reg__7: 
case__12: 
case__59: 
anode_control: 
logic__53: 
logic__13: 
case__3: 
case__47: 
register_file: 
BCD_on: 
logic__45: 
case__31: 
case__60: 
muxpart__7: 
muxpart__4: 
reg__27: 
datapath__1: 
reg__4: 
reg__31: 
case__2: 
case__46: 
logic__49: 
logic__25: 
MUX: 
case__51: 
case__14: 
case__57: 
reg__33: 
ALU: 
case__45: 
reg__13: 
reg__18: 
refresh_clk: 
reg__28: 
case__24: 
reg__26: 
muxpart__9: 
logic__56: 
reg__34: 
SSD: 
dff_resetless: 
case__16: 
reg__32: 
reg__21: 
case__50: 
case__1: 
logic__43: 
case__28: 
reg__8: 
