reg__33: 
logic__149: 
case__160: 
case__67: 
reg__9: 
case__6: 
case__144: 
case__106: 
datapath__6: 
muxpart__54: 
logic__181: 
case__59: 
muxpart__57: 
reg__37: 
logic__141: 
reg: 
case__41: 
case__107: 
reg__23: 
logic__134: 
case__46: 
case__37: 
logic__172: 
muxpart__2: 
reg__6: 
case__96: 
muxpart__43: 
case__94: 
case__142: 
muxpart__23: 
case__29: 
ALU: 
case__145: 
case__101: 
logic__142: 
cathode: 
logic__131: 
case__56: 
case__118: 
case__137: 
case__130: 
logic__133: 
case__104: 
logic__2: 
case__44: 
case__40: 
case__34: 
datapath: 
case__151: 
case__166: 
logic__6: 
case__134: 
reg__24: 
case__78: 
case__93: 
muxpart__44: 
logic: 
case__62: 
case__69: 
reg__20: 
Filter: 
case__147: 
case__167: 
case__60: 
case__47: 
reg__7: 
case__180: 
case__18: 
case__42: 
logic__125: 
muxpart__13: 
reg__8: 
logic__170: 
case__72: 
case__35: 
reg__22: 
datapath__2: 
case__30: 
muxpart__38: 
muxpart__40: 
reg__40: 
reg__17: 
case__65: 
case__28: 
dsp48e1: 
muxpart__45: 
case__117: 
muxpart__19: 
case__178: 
reg__16: 
muxpart__50: 
case__89: 
case__1: 
reg__29: 
case__85: 
case__161: 
reg__19: 
case__150: 
reg__21: 
reg__4: 
case__108: 
muxpart__15: 
case__9: 
case__87: 
case__154: 
muxpart__31: 
case__45: 
logic__13: 
case__165: 
case__114: 
reg__2: 
ISA_decode: 
case__17: 
case__168: 
case__15: 
case__162: 
reg__26: 
case__121: 
case__182: 
muxpart__9: 
muxpart__65: 
muxpart__5: 
muxpart__11: 
case__51: 
logic__20: 
case__84: 
MUX: 
muxpart__55: 
case: 
case__14: 
muxpart__34: 
case__2: 
datapath__7: 
case__3: 
case__122: 
case__141: 
reg__3: 
reg__25: 
case__13: 
SSD: 
case__8: 
case__52: 
muxpart__21: 
reg__34: 
case__32: 
case__92: 
case__31: 
reg__39: 
muxpart__49: 
case__24: 
register_file: 
reg__28: 
case__102: 
logic__129: 
case__136: 
case__110: 
case__76: 
case__113: 
case__153: 
muxpart__56: 
logic__137: 
case__22: 
case__12: 
muxpart__33: 
logic__25: 
muxpart__46: 
case__66: 
reg__13: 
case__163: 
muxpart__7: 
case__53: 
muxpart__39: 
datapath__4: 
case__38: 
reg__14: 
case__138: 
muxpart__66: 
case__80: 
case__100: 
logic__14: 
reg__27: 
logic__128: 
case__43: 
case__184: 
case__73: 
case__16: 
case__140: 
reg__11: 
case__131: 
muxpart__25: 
muxpart__47: 
logic__26: 
reg__15: 
case__86: 
case__103: 
muxpart__52: 
reg__12: 
case__77: 
case__128: 
case__10: 
logic__146: 
case__189: 
case__170: 
muxpart__17: 
reg__10: 
muxpart__30: 
case__112: 
logic__176: 
case__146: 
logic__17: 
case__98: 
refresh_clk: 
case__116: 
case__64: 
case__33: 
case__36: 
case__152: 
case__125: 
case__132: 
logic__163: 
case__115: 
Debounce_cb: 
case__5: 
case__26: 
case__55: 
case__191: 
case__135: 
case__105: 
case__68: 
muxpart__26: 
case__99: 
case__109: 
muxpart__58: 
case__119: 
logic__12: 
case__120: 
dff_resetless: 
reg__5: 
case__48: 
anode_control: 
case__158: 
logic__100: 
logic__3: 
muxpart: 
datapath__5: 
case__21: 
case__183: 
case__179: 
reg__1: 
case__71: 
case__82: 
case__70: 
case__11: 
case__57: 
case__127: 
case__143: 
clk_divider: 
case__7: 
case__27: 
case__159: 
case__126: 
case__88: 
muxpart__48: 
muxpart__51: 
case__74: 
case__97: 
case__149: 
case__188: 
case__190: 
reg__36: 
muxpart__29: 
counter: 
case__185: 
case__129: 
case__63: 
reg__38: 
case__133: 
logic__150: 
reg__32: 
muxpart__67: 
case__139: 
case__50: 
case__81: 
case__23: 
BCD_on: 
case__155: 
muxpart__41: 
Edge_Detector: 
muxpart__35: 
muxpart__3: 
reg__18: 
case__164: 
logic__24: 
case__20: 
case__123: 
muxpart__37: 
case__111: 
datapath__1: 
case__49: 
logic__185: 
datapath__3: 
case__157: 
reg__35: 
case__39: 
case__124: 
case__4: 
case__58: 
case__19: 
reg__41: 
case__75: 
logic__115: 
logic__89: 
muxpart__59: 
case__90: 
muxpart__27: 
case__54: 
case__83: 
case__187: 
case__91: 
case__25: 
case__169: 
case__61: 
case__79: 
case__156: 
case__148: 
case__95: 
