logic__70: 
logic__37: 
logic__11: 
logic__41: 
reg__14: 
logic__4: 
reg__12: 
logic__57: 
logic__54: 
logic__2: 
logic__45: 
case__2: 
reg__23: 
logic__46: 
case: 
logic__20: 
reg__9: 
reg__17: 
ISA_decode: 
logic: 
reg__22: 
reg: 
case__1: 
logic__60: 
logic__66: 
logic__7: 
case__4: 
MUX: 
reg__19: 
case__13: 
logic__29: 
reg__16: 
reg__10: 
muxpart__7: 
reg__2: 
logic__13: 
logic__12: 
case__11: 
logic__8: 
reg__15: 
case__22: 
case__19: 
reg__7: 
logic__5: 
logic__15: 
case__21: 
case__20: 
reg__6: 
case__6: 
reg__13: 
reg__18: 
muxpart__8: 
case__15: 
case__10: 
logic__16: 
logic__1: 
reg__26: 
reg__21: 
reg__20: 
case__5: 
muxpart__1: 
logic__27: 
logic__6: 
logic__38: 
reg__27: 
SSD: 
logic__10: 
case__23: 
muxpart__2: 
case__14: 
reg__25: 
logic__30: 
reg__3: 
logic__73: 
case__25: 
reg__4: 
logic__17: 
logic__18: 
case__8: 
case__17: 
ALU: 
muxpart__4: 
muxpart__6: 
reg__5: 
logic__33: 
logic__61: 
case__24: 
reg__24: 
logic__19: 
logic__14: 
case__7: 
reg__8: 
logic__49: 
case__18: 
register_file: 
muxpart: 
case__12: 
case__3: 
reg__1: 
logic__53: 
case__26: 
reg__11: 
logic__9: 
case__9: 
muxpart__5: 
case__16: 
logic__3: 
reg__28: 
