case__11: 
logic__4: 
case: 
logic: 
logic__11: 
case__7: 
logic__27: 
muxpart__2: 
logic__19: 
muxpart__4: 
MUX: 
reg__18: 
logic__35: 
reg: 
logic__40: 
reg__5: 
reg__2: 
logic__15: 
logic__6: 
case__1: 
case__20: 
logic__45: 
case__17: 
reg__11: 
reg__20: 
logic__18: 
reg__9: 
case__14: 
case__8: 
reg__25: 
Filter: 
case__4: 
reg__10: 
reg__22: 
muxpart__1: 
reg__12: 
reg__21: 
reg__7: 
logic__20: 
logic__17: 
logic__13: 
case__3: 
case__21: 
reg__4: 
logic__7: 
logic__14: 
case__19: 
logic__2: 
reg__14: 
case__16: 
case__18: 
case__15: 
dff_resetless: 
ISA_decode: 
counter: 
logic__16: 
logic__36: 
reg__17: 
reg__16: 
Debounce_cb: 
case__2: 
case__9: 
reg__24: 
Edge_Detector: 
case__12: 
logic__31: 
logic__5: 
reg__15: 
reg__26: 
logic__43: 
reg__8: 
reg__1: 
logic__10: 
reg__13: 
logic__50: 
case__5: 
reg__3: 
muxpart: 
logic__1: 
logic__9: 
logic__12: 
logic__3: 
logic__44: 
case__6: 
reg__19: 
case__10: 
logic__8: 
logic__28: 
reg__27: 
register_file: 
reg__6: 
ALU: 
reg__23: 
case__13: 
