cathode: 
reg__7: 
case__20: 
logic__17: 
logic__61: 
reg__27: 
reg__19: 
logic__2: 
case__1: 
case: 
case__11: 
case__5: 
logic: 
case__18: 
logic__15: 
muxpart__8: 
ALU: 
reg: 
logic__12: 
muxpart__1: 
logic__4: 
clk_divider: 
logic__10: 
logic__44: 
Debounce_cb: 
logic__6: 
logic__3: 
reg__21: 
case__21: 
reg__3: 
reg__9: 
ISA_decode: 
reg__30: 
logic__56: 
reg__13: 
reg__22: 
logic__5: 
logic__14: 
reg__10: 
case__12: 
logic__39: 
logic__64: 
case__2: 
reg__28: 
reg__23: 
case__7: 
reg__12: 
Filter: 
case__6: 
logic__40: 
case__10: 
logic__1: 
reg__4: 
reg__2: 
logic__7: 
counter: 
muxpart__2: 
case__14: 
reg__32: 
reg__24: 
logic__18: 
reg__29: 
register_file: 
reg__1: 
logic__31: 
logic__11: 
SSD: 
refresh_clk: 
case__19: 
case__9: 
reg__31: 
logic__47: 
logic__9: 
case__15: 
reg__25: 
case__13: 
case__8: 
muxpart__5: 
logic__8: 
case__17: 
logic__32: 
reg__11: 
case__16: 
reg__6: 
reg__17: 
case__22: 
logic__27: 
BCD_on: 
logic__20: 
reg__8: 
logic__57: 
reg__26: 
muxpart: 
logic__51: 
logic__50: 
muxpart__4: 
reg__14: 
Edge_Detector: 
logic__13: 
muxpart__6: 
muxpart__7: 
logic__16: 
case__4: 
anode_control: 
reg__15: 
logic__29: 
reg__5: 
logic__35: 
dff_resetless: 
logic__19: 
reg__16: 
reg__20: 
datapath: 
case__3: 
reg__18: 
MUX: 
datapath__1: 
