logic__76: 
ALU: 
logic__46: 
logic__27: 
logic__67: 
logic__14: 
case__15: 
logic__90: 
logic__12: 
reg__11: 
logic__3: 
muxpart__1: 
case__29: 
case__28: 
case: 
muxpart__5: 
logic__60: 
muxpart__7: 
case__14: 
case__8: 
logic__77: 
case__26: 
logic: 
logic__20: 
logic__10: 
reg__7: 
reg__25: 
logic__38: 
reg__3: 
logic__2: 
reg__6: 
reg__23: 
logic__41: 
reg: 
case__2: 
logic__13: 
logic__82: 
logic__45: 
case__11: 
case__10: 
logic__30: 
case__5: 
logic__1: 
case__19: 
case__18: 
Filter: 
case__20: 
reg__12: 
case__3: 
logic__6: 
logic__5: 
case__7: 
logic__63: 
logic__75: 
reg__28: 
logic__4: 
reg__24: 
case__21: 
reg__29: 
case__23: 
logic__49: 
case__6: 
logic__17: 
reg__19: 
case__13: 
logic__54: 
reg__13: 
reg__8: 
register_file: 
logic__57: 
logic__53: 
case__16: 
logic__29: 
case__4: 
logic__15: 
logic__87: 
SSD: 
reg__26: 
counter: 
reg__14: 
MUX: 
logic__8: 
logic__83: 
reg__17: 
logic__33: 
case__30: 
case__25: 
muxpart__6: 
Edge_Detector: 
reg__15: 
case__17: 
muxpart__8: 
reg__21: 
logic__68: 
logic__37: 
reg__10: 
case__12: 
logic__16: 
reg__16: 
reg__20: 
logic__19: 
reg__5: 
logic__7: 
case__27: 
dff_resetless: 
reg__22: 
logic__18: 
reg__1: 
case__1: 
ISA_decode: 
muxpart: 
muxpart__4: 
case__9: 
reg__18: 
reg__27: 
muxpart__2: 
reg__30: 
case__24: 
case__22: 
Debounce_cb: 
reg__2: 
reg__4: 
reg__9: 
logic__9: 
logic__11: 
logic__72: 
